#
# A fatal error has been detected by the Java Runtime Environment:
#
#  EXCEPTION_STACK_OVERFLOW (0xc00000fd) at pc=0x00007ff989dce013, pid=38588, tid=70260
#
# JRE version: Java(TM) SE Runtime Environment (21.0.8+12) (build 21.0.8+12-LTS-250)
# Java VM: Java HotSpot(TM) 64-Bit Server VM (21.0.8+12-LTS-250, mixed mode, sharing, tiered, compressed oops, compressed class ptrs, g1 gc, windows-amd64)
# Problematic frame:
# V  [jvm.dll+0x3de013]
#
# No core dump will be written. Minidumps are not enabled by default on client versions of Windows
#
# If you would like to submit a bug report, please visit:
#   https://bugreport.java.com/bugreport/crash.jsp
#

---------------  S U M M A R Y ------------

Command Line: --add-exports=javafx.graphics/com.sun.glass.ui=ALL-UNNAMED --add-opens=javafx.graphics/com.sun.glass.ui=ALL-UNNAMED --module-path=C:\Users\admin\ChatRoom_LTM\W_demo\frontend\target\classes;C:\Users\admin\.m2\repository\com\fasterxml\jackson\core\jackson-annotations\2.19.2\jackson-annotations-2.19.2.jar;C:\Users\admin\.m2\repository\com\fasterxml\jackson\core\jackson-core\2.19.2\jackson-core-2.19.2.jar;C:\Users\admin\.m2\repository\com\fasterxml\jackson\core\jackson-databind\2.15.2\jackson-databind-2.15.2.jar;C:\Users\admin\.m2\repository\org\java-websocket\Java-WebSocket\1.5.3\Java-WebSocket-1.5.3.jar;C:\Users\admin\.m2\repository\org\openjfx\javafx-base\17.0.6\javafx-base-17.0.6-win.jar;C:\Users\admin\.m2\repository\org\openjfx\javafx-controls\17.0.6\javafx-controls-17.0.6-win.jar;C:\Users\admin\.m2\repository\org\openjfx\javafx-fxml\17.0.6\javafx-fxml-17.0.6-win.jar;C:\Users\admin\.m2\repository\org\openjfx\javafx-graphics\17.0.6\javafx-graphics-17.0.6-win.jar;C:\Users\admin\.m2\repository\org\openjfx\javafx-media\17.0.6\javafx-media-17.0.6-win.jar;C:\Users\admin\.m2\repository\org\slf4j\slf4j-api\2.0.9\slf4j-api-2.0.9.jar --add-modules=chat.client.fx -Djdk.module.main=chat.client.fx chat.client.fx/chat.client.fx.ChatClientFX

Host: Intel(R) Core(TM) i3-1005G1 CPU @ 1.20GHz, 4 cores, 7G,  Windows 11 , 64 bit Build 26100 (10.0.26100.7019)
Time: Tue Dec 16 16:59:32 2025 SE Asia Standard Time elapsed time: 22477.517643 seconds (0d 6h 14m 37s)

---------------  T H R E A D  ---------------

Current thread (0x000001e2456700c0):  JavaThread "WebSocketConnectReadThread-3352"        [_thread_in_vm, id=70260, stack(0x000000e1ce400000,0x000000e1ce500000) (1024K)]

Stack: [0x000000e1ce400000,0x000000e1ce500000],  sp=0x000000e1ce4fcb70,  free space=1010k
Native frames: (J=compiled Java code, j=interpreted, Vv=VM code, C=native code)
V  [jvm.dll+0x3de013]
V  [jvm.dll+0x6cc092]
V  [jvm.dll+0x3dddde]
V  [jvm.dll+0x45262b]
V  [jvm.dll+0x44dd3d]
C  [java.dll+0xc78f]

Java frames: (J=compiled Java code, j=interpreted, Vv=VM code)
J 4581  java.io.FileOutputStream.writeBytes([BIIZ)V java.base@21.0.8 (0 bytes) @ 0x000001e26f33c411 [0x000001e26f33c3a0+0x0000000000000071]
J 4940 c2 sun.nio.cs.StreamEncoder.writeBytes()V java.base@21.0.8 (139 bytes) @ 0x000001e26f357598 [0x000001e26f3572c0+0x00000000000002d8]
J 4942 c2 java.io.PrintStream.writeln(Ljava/lang/String;)V java.base@21.0.8 (81 bytes) @ 0x000001e26f35a790 [0x000001e26f35a540+0x0000000000000250]
J 5066 c2 java.io.PrintStream.println(Ljava/lang/String;)V java.base@21.0.8 (44 bytes) @ 0x000001e26f373de4 [0x000001e26f373da0+0x0000000000000044]
J 4923 c1 chat.client.fx.service.ChatService$1.onError(Ljava/lang/Exception;)V chat.client.fx@1.0.0 (21 bytes) @ 0x000001e267f9b324 [0x000001e267f9a820+0x0000000000000b04]
J 4982 c1 org.java_websocket.client.WebSocketClient.run()V Java.WebSocket@1.5.3 (389 bytes) @ 0x000001e267fbd5d4 [0x000001e267fbab80+0x0000000000002a54]
J 4846 c1 java.lang.Thread.run()V java.base@21.0.8 (23 bytes) @ 0x000001e267f60f6c [0x000001e267f60d60+0x000000000000020c]
v  ~StubRoutines::call_stub 0x000001e26eb810e7

siginfo: EXCEPTION_STACK_OVERFLOW (0xc00000fd), ExceptionInformation=0x0000000000000001 0x000000e1ce4f5b70 


Registers:
RAX=0x0000000000000002, RBX=0x000001e2456700c0, RCX=0x0000000000001000, RDX=0x0000000000000000
RSP=0x000000e1ce4fcb70, RBP=0x000000e1ce4fcc39, RSI=0x000000e1ce4fcd70, RDI=0x000000e1ce4f5b70
R8 =0x000000e1ce4fcb70, R9 =0x000001e2456700c0, R10=0x000000e1ce4fcd60, R11=0x000000e1ce4fce70
R12=0x000000e1ce4fcd60, R13=0x000000000000000a, R14=0x000001e24b2722f8, R15=0x000000e1ce4fce70
RIP=0x00007ff989dce013, EFLAGS=0x0000000000010202


Register to memory mapping:

RAX=0x0000000000000002 is an unknown value
RBX=0x000001e2456700c0 is a thread
RCX=0x0000000000001000 is an unknown value
RDX=0x0 is null
RSP=0x000000e1ce4fcb70 is pointing into the stack for thread: 0x000001e2456700c0
RBP=0x000000e1ce4fcc39 is pointing into the stack for thread: 0x000001e2456700c0
RSI=0x000000e1ce4fcd70 is pointing into the stack for thread: 0x000001e2456700c0
RDI=0x000000e1ce4f5b70 is pointing into the stack for thread: 0x000001e2456700c0
R8 =0x000000e1ce4fcb70 is pointing into the stack for thread: 0x000001e2456700c0
R9 =0x000001e2456700c0 is a thread
R10=0x000000e1ce4fcd60 is pointing into the stack for thread: 0x000001e2456700c0
R11=0x000000e1ce4fce70 is pointing into the stack for thread: 0x000001e2456700c0
R12=0x000000e1ce4fcd60 is pointing into the stack for thread: 0x000001e2456700c0
R13=0x000000000000000a is an unknown value
R14=0x000001e24b2722f8 points into unknown readable memory: 0x0000000089bc23c8 | c8 23 bc 89 00 00 00 00
R15=0x000000e1ce4fce70 is pointing into the stack for thread: 0x000001e2456700c0

Top of Stack: (sp=0x000000e1ce4fcb70)
0x000000e1ce4fcb70:   000001e2456700c0 000000e1ce4fcd70
0x000000e1ce4fcb80:   0000000000000000 0000000000000000
0x000000e1ce4fcb90:   0000000000000000 0000000000000000
0x000000e1ce4fcba0:   000000e1ce4ff310 0000000089bc2028
0x000000e1ce4fcbb0:   0000000000000208 0000000000000000
0x000000e1ce4fcbc0:   000001e267fbb484 00007ff98a1443bd
0x000000e1ce4fcbd0:   0000000000000000 0000000000000000
0x000000e1ce4fcbe0:   000000e1ce4fcca0 00007ff989cd7716
0x000000e1ce4fcbf0:   0000000000000000 0000000000000000
0x000000e1ce4fcc00:   0000000000000000 0000000000000000
0x000000e1ce4fcc10:   000001e2456700c0 00007ff98a1b76e3
0x000000e1ce4fcc20:   0000000000000000 00007ff989cd7662
0x000000e1ce4fcc30:   0000000000000000 0000000000000000
0x000000e1ce4fcc40:   000000e1ce4ff070 000001e245a0e888
0x000000e1ce4fcc50:   000001e2004869e0 000001e2010540e0
0x000000e1ce4fcc60:   000000e1ce4fcea0 000001e245d39af0
0x000000e1ce4fcc70:   000000e1ce4fce70 000001e245d39b00
0x000000e1ce4fcc80:   000001e24c4ba7b0 000001e2456700c0
0x000000e1ce4fcc90:   000000e1ce4fcde1 00007ff98a0bc092
0x000000e1ce4fcca0:   00007ff989dcddf0 000001e2456700c0
0x000000e1ce4fccb0:   0000000000000000 000001e26ebd4ea0
0x000000e1ce4fccc0:   000001e245d39ed8 00007ff989dcddde
0x000000e1ce4fccd0:   000000e1ce4fcd68 0000000000000000
0x000000e1ce4fcce0:   0000000000000000 000000e1ce4fcdc9
0x000000e1ce4fccf0:   000001e2456700c0 000001e2456700c0
0x000000e1ce4fcd00:   000001e2456700c0 00007ff989e4262b
0x000000e1ce4fcd10:   000001e245d39ed8 000001e2456700c0
0x000000e1ce4fcd20:   000001e2456700c0 00007ff989dae997
0x000000e1ce4fcd30:   0000000089bc23c8 0000000000000000
0x000000e1ce4fcd40:   000001e200000002 000001e245d39ed8
0x000000e1ce4fcd50:   000000e1ce4fcea0 00000000000003d8
0x000000e1ce4fcd60:   000001e2410e1068 000001e2456700c0 

Instructions: (pc=0x00007ff989dce013)
0x00007ff989dcdf13:   8b 04 24 48 8b 40 38 48 89 45 7f 41 8b 17 8d 42
0x00007ff989dcdf23:   fc 83 f8 0a 0f 87 c6 04 00 00 4c 8d 05 cc 20 c2
0x00007ff989dcdf33:   ff 48 98 41 8b 8c 80 b0 e4 3d 00 49 03 c8 ff e1
0x00007ff989dcdf43:   41 bd 0a 00 00 00 83 fa 0c 74 2f 83 fa 0d 74 2a
0x00007ff989dcdf53:   44 88 75 77 eb 28 41 bd 0b 00 00 00 44 88 75 77
0x00007ff989dcdf63:   eb 1c 41 bd 06 00 00 00 44 88 75 77 eb 10 41 bd
0x00007ff989dcdf73:   07 00 00 00 44 88 75 77 eb 04 c6 45 77 01 49 8b
0x00007ff989dcdf83:   04 24 8b 48 28 c1 e9 03 f6 c1 01 75 07 48 8b 46
0x00007ff989dcdf93:   58 4c 8b 30 48 8d 8b c0 04 00 00 e8 6d 4a 37 00
0x00007ff989dcdfa3:   e8 e8 dc 2e 00 4c 8b c0 49 8b d4 48 8b cb 48 8b
0x00007ff989dcdfb3:   f8 e8 67 24 2e 00 84 c0 75 33 4d 8b cc 48 8d 15
0x00007ff989dcdfc3:   31 a1 60 00 41 b8 82 01 00 00 48 8b cb e8 7b 87
0x00007ff989dcdfd3:   f2 ff 48 8b 9c 24 30 01 00 00 48 81 c4 f0 00 00
0x00007ff989dcdfe3:   00 41 5f 41 5e 41 5d 41 5c 5f 5e 5d c3 48 8b 0d
0x00007ff989dcdff3:   19 3e 86 00 33 d2 48 8b 05 08 8b 86 00 48 f7 f1
0x00007ff989dce003:   48 83 f8 01 72 13 0f 1f 80 00 00 00 00 48 2b f9
0x00007ff989dce013:   c6 07 00 48 83 e8 01 75 f4 33 c0 48 8b cb 48 89
0x00007ff989dce023:   45 97 48 89 45 a7 48 89 45 9f 48 8b 03 ff 50 38
0x00007ff989dce033:   84 c0 0f 84 34 04 00 00 48 8b 03 48 8b cb ff 90
0x00007ff989dce043:   90 00 00 00 84 c0 0f 84 40 04 00 00 33 d2 4c 89
0x00007ff989dce053:   7d af 48 8b cb e8 93 f0 08 00 48 8b cb 48 8b f8
0x00007ff989dce063:   e8 88 7a f2 ff 48 8b 8b 48 04 00 00 f6 c1 01 74
0x00007ff989dce073:   0f 41 b0 01 48 8b cb 41 0f b6 d0 e8 ad ee 34 00
0x00007ff989dce083:   8b 83 40 04 00 00 a8 0c 74 08 48 8b cb e8 1b fe
0x00007ff989dce093:   00 00 c7 83 44 04 00 00 08 00 00 00 45 33 d2 49
0x00007ff989dce0a3:   8b 04 24 48 89 45 87 4d 85 f6 75 06 4c 89 55 8f
0x00007ff989dce0b3:   eb 07 49 8b 06 48 89 45 8f 48 89 5c 24 40 48 8b
0x00007ff989dce0c3:   83 28 04 00 00 48 89 44 24 48 48 8b 8b 98 03 00
0x00007ff989dce0d3:   00 48 8b 45 97 48 3b c1 74 04 4c 89 55 97 48 8b
0x00007ff989dce0e3:   83 a8 03 00 00 48 89 45 a7 48 8b 83 a0 03 00 00
0x00007ff989dce0f3:   48 89 45 9f 48 8b 83 98 03 00 00 48 89 45 97 4c
0x00007ff989dce103:   89 93 98 03 00 00 4c 89 93 a8 03 00 00 4c 89 93 


Stack slot to memory mapping:

stack at sp + 0 slots: 0x000001e2456700c0 is a thread
stack at sp + 1 slots: 0x000000e1ce4fcd70 is pointing into the stack for thread: 0x000001e2456700c0
stack at sp + 2 slots: 0x0 is null
stack at sp + 3 slots: 0x0 is null
stack at sp + 4 slots: 0x0 is null
stack at sp + 5 slots: 0x0 is null
stack at sp + 6 slots: 0x000000e1ce4ff310 is pointing into the stack for thread: 0x000001e2456700c0
stack at sp + 7 slots: 0x0000000089bc2028 is an oop: java.net.ConnectException 
{0x0000000089bc2028} - klass: 'java/net/ConnectException'
 - ---- fields (total size 5 words):
 - private transient 'depth' 'I' @12  7 (0x00000007)
 - private transient 'backtrace' 'Ljava/lang/Object;' @16  a 'java/lang/Object'[7] {0x0000000089bc2050} (0x89bc2050)
 - private 'detailMessage' 'Ljava/lang/String;' @20  "Connection refused: connect"{0x0000000089bc1fe0} (0x89bc1fe0)
 - private 'cause' 'Ljava/lang/Throwable;' @24  a 'java/net/ConnectException'{0x0000000089bc2028} (0x89bc2028)
 - private 'stackTrace' '[Ljava/lang/StackTraceElement;' @28  a 'java/lang/StackTraceElement'[0] {0x00000000836961c8} (0x836961c8)
 - private 'suppressedExceptions' 'Ljava/util/List;' @32  a 'java/util/Collections$EmptyList'{0x00000000836961b8} (0x836961b8)

